[INFO ODB-0227] LEF file: Nangate45/Nangate45_tech.lef, created 22 layers, 27 vias
[INFO ODB-0227] LEF file: Nangate45/Nangate45_stdcell.lef, created 135 library cells
[WARNING STA-0441] set_input_delay relative to a clock defined on the same port/pin not allowed.
[INFO IFP-0001] Added 24 rows of 183 site FreePDK45_38x28_10R_NP_162NW_34O.
[INFO IFP-0100] Die BBox:  (  0.000  0.000 ) ( 45.030 44.800 ) um
[INFO IFP-0101] Core BBox: (  5.130  5.600 ) ( 39.900 39.200 ) um
[INFO IFP-0102] Core area:                         1168.272 um^2
[INFO IFP-0103] Total instances area:                30.058 um^2
[INFO IFP-0104] Effective utilization:                0.026
[INFO IFP-0105] Number of instances:                     15
[INFO RSZ-0026] Removed 0 buffers.
[INFO TAP-0004] Inserted 48 endcaps.
[INFO TAP-0005] Inserted 0 tapcells.
[WARNING ORD-0046] -defer_connection has been deprecated.
[WARNING ORD-0046] -defer_connection has been deprecated.
[WARNING ORD-0046] -defer_connection has been deprecated.
[WARNING ORD-0046] -defer_connection has been deprecated.
[WARNING ORD-0046] -defer_connection has been deprecated.
[WARNING PDN-1051] No instances found for grid (CORE_macro_grid_1).
[WARNING PDN-1051] No instances found for grid (CORE_macro_grid_2).
[INFO PDN-0001] Inserting grid: grid
[INFO GPL-0001] ---- Initialize GPL Main Data Structures
[INFO GPL-0002] DBU: 2000
[INFO GPL-0003] SiteSize: (  0.190  1.400 ) um
[INFO GPL-0004] CoreBBox: (  5.130  5.600 ) ( 39.900 39.200 ) um
[INFO GPL-0016] Core area:                    1168.272 um^2
[INFO GPL-0036] Movable instances area:         46.018 um^2
[INFO GPL-0037] Total instances area:           58.786 um^2
[INFO GPL-0035] Pin density area adjust:         5.350 um^2
[INFO GPL-0032] ---- Initialize Region: Top-level
[INFO GPL-0006] Number of instances:                63
[INFO GPL-0007] Movable instances:                  15
[INFO GPL-0008] Fixed instances:                    48
[INFO GPL-0009] Dummy instances:                     0
[INFO GPL-0010] Number of nets:                     22
[INFO GPL-0011] Number of pins:                     56
[INFO GPL-0012] Die BBox:       (  0.000  0.000 ) ( 45.030 44.800 ) um
[INFO GPL-0013] Placement BBox: (  5.130  5.600 ) ( 39.900 39.200 ) um
[INFO GPL-0014] Region name: top-level.
[INFO GPL-0015] Region area:                  1168.272 um^2
[INFO GPL-0017] Fixed instances area:           12.768 um^2
[INFO GPL-0018] Movable instances area:         51.368 um^2
[INFO GPL-0019] Utilization:                     4.446 %
[INFO GPL-0020] Standard cells area:            51.368 um^2
[INFO GPL-0021] Large instances area:            0.000 um^2
[INFO GPL-0005] ---- Execute Conjugate Gradient Initial Placement.
[INFO GPL-0051] Source of initial instance position counters:
	Odb location = 0	Core center = 15	Region center = 0
[INFO GPL-0033] ---- Initialize Nesterov Region: Top-level
[INFO GPL-0023] Placement target density:       0.3000
[INFO GPL-0024] Movable insts average area:      3.425 um^2
[INFO GPL-0025] Ideal bin area:                 11.415 um^2
[INFO GPL-0026] Ideal bin count:                   102
[INFO GPL-0027] Total bin area:               1168.272 um^2
[INFO GPL-0028] Bin count (X, Y):           8 ,      8
[INFO GPL-0029] Bin size (W * H):       4.346 *  4.200 um
[INFO GPL-0030] Number of bins:                     64
[INFO GPL-0084] ---- Execute Nesterov Global Placement.
[INFO GPL-0031] HPWL: Half-Perimeter Wirelength
Iteration | Overflow |     HPWL (um) |  HPWL(%) |   Penalty | Group
---------------------------------------------------------------
        0 |   0.5734 |  1.627150e+01 |   +0.00% |  7.67e-14 |      
       10 |   0.5734 |  1.587250e+01 |   -2.45% |  1.25e-13 |      
       20 |   0.5734 |  1.587650e+01 |   +0.03% |  2.04e-13 |      
       30 |   0.5734 |  1.587550e+01 |   -0.01% |  3.32e-13 |      
       40 |   0.5734 |  1.587400e+01 |   -0.01% |  5.40e-13 |      
       50 |   0.5734 |  1.587700e+01 |   +0.02% |  8.80e-13 |      
       60 |   0.5734 |  1.587600e+01 |   -0.01% |  1.43e-12 |      
       70 |   0.5734 |  1.587700e+01 |   +0.01% |  2.33e-12 |      
       80 |   0.5734 |  1.590000e+01 |   +0.14% |  3.80e-12 |      
       90 |   0.5734 |  1.595400e+01 |   +0.34% |  6.19e-12 |      
      100 |   0.5734 |  1.603350e+01 |   +0.50% |  1.01e-11 |      
      110 |   0.5734 |  1.620050e+01 |   +1.04% |  1.64e-11 |      
      120 |   0.5734 |  1.651850e+01 |   +1.96% |  2.68e-11 |      
      130 |   0.5734 |  1.694000e+01 |   +2.55% |  4.36e-11 |      
      140 |   0.5734 |  1.739300e+01 |   +2.67% |  7.10e-11 |      
      150 |   0.5734 |  1.755350e+01 |   +0.92% |  1.16e-10 |      
      160 |   0.5734 |  1.712300e+01 |   -2.45% |  1.88e-10 |      
      170 |   0.5734 |  1.695000e+01 |   -1.01% |  3.07e-10 |      
      180 |   0.5734 |  1.751150e+01 |   +3.31% |  5.00e-10 |      
      190 |   0.5734 |  1.729850e+01 |   -1.22% |  8.14e-10 |      
      200 |   0.5734 |  1.699350e+01 |   -1.76% |  1.33e-09 |      
      210 |   0.5734 |  1.706850e+01 |   +0.44% |  2.16e-09 |      
      220 |   0.5734 |  1.715000e+01 |   +0.48% |  3.52e-09 |      
      230 |   0.5734 |  1.699750e+01 |   -0.89% |  5.73e-09 |      
      240 |   0.5734 |  1.737900e+01 |   +2.24% |  9.34e-09 |      
      250 |   0.5734 |  1.782650e+01 |   +2.57% |  1.52e-08 |      
      260 |   0.5731 |  2.235050e+01 |  +25.38% |  2.48e-08 |      
      270 |   0.5181 |  3.806250e+01 |  +70.30% |  4.04e-08 |      
      280 |   0.4330 |  4.567750e+01 |  +20.01% |  6.57e-08 |      
      290 |   0.3837 |  5.425300e+01 |  +18.77% |  1.07e-07 |      
      300 |   0.3318 |  5.947050e+01 |   +9.62% |  1.69e-07 |      
      310 |   0.2775 |  6.716800e+01 |  +12.94% |  2.49e-07 |      
      320 |   0.2191 |  6.987800e+01 |   +4.03% |  3.67e-07 |      
      330 |   0.1747 |  7.205900e+01 |   +3.12% |  5.41e-07 |      
      340 |   0.1421 |  7.606900e+01 |   +5.56% |  7.97e-07 |      
      350 |   0.1071 |  7.778250e+01 |   +2.25% |  1.17e-06 |      
      354 |   0.0976 |  8.105000e+01 |          |  1.43e-06 |      
---------------------------------------------------------------
[INFO GPL-1001] Global placement finished at iteration 354
[INFO GPL-1002] Placed Cell Area               51.3680
[INFO GPL-1003] Available Free Area          1155.5040
[INFO GPL-1004] Minimum Feasible Density        0.0500 (cell_area / free_area)
[INFO GPL-1006]   Suggested Target Densities:
[INFO GPL-1007]     - For 90% usage of free space: 0.0494
[INFO GPL-1008]     - For 80% usage of free space: 0.0556
[INFO GPL-1009]     - For 50% usage of free space: 0.0889
[INFO GPL-1014] Final placement area: 51.37 (+0.00%)
Found 0 macro blocks.
Using 2 tracks default min distance between IO pins.
[INFO PPL-0001] Number of available slots 530
[INFO PPL-0002] Number of I/O             7
[INFO PPL-0003] Number of I/O w/sink      7
[INFO PPL-0004] Number of I/O w/o sink    0
[INFO PPL-0005] Slots per section         200
[INFO PPL-0008] Successfully assigned pins to sections.
[INFO PPL-0012] I/O nets HPWL: 164.12 um.
[INFO GPL-0001] ---- Initialize GPL Main Data Structures
[INFO GPL-0002] DBU: 2000
[INFO GPL-0003] SiteSize: (  0.190  1.400 ) um
[INFO GPL-0004] CoreBBox: (  5.130  5.600 ) ( 39.900 39.200 ) um
[INFO GPL-0016] Core area:                    1168.272 um^2
[INFO GPL-0036] Movable instances area:         46.018 um^2
[INFO GPL-0037] Total instances area:           58.786 um^2
[INFO GPL-0035] Pin density area adjust:         5.350 um^2
[INFO GPL-0032] ---- Initialize Region: Top-level
[INFO GPL-0006] Number of instances:                63
[INFO GPL-0007] Movable instances:                  15
[INFO GPL-0008] Fixed instances:                    48
[INFO GPL-0009] Dummy instances:                     0
[INFO GPL-0010] Number of nets:                     22
[INFO GPL-0011] Number of pins:                     63
[INFO GPL-0012] Die BBox:       (  0.000  0.000 ) ( 45.030 44.800 ) um
[INFO GPL-0013] Placement BBox: (  5.130  5.600 ) ( 39.900 39.200 ) um
[INFO GPL-0014] Region name: top-level.
[INFO GPL-0015] Region area:                  1168.272 um^2
[INFO GPL-0017] Fixed instances area:           12.768 um^2
[INFO GPL-0018] Movable instances area:         51.368 um^2
[INFO GPL-0019] Utilization:                     4.446 %
[INFO GPL-0020] Standard cells area:            51.368 um^2
[INFO GPL-0021] Large instances area:            0.000 um^2
[INFO GPL-0005] ---- Execute Conjugate Gradient Initial Placement.
[INFO GPL-0051] Source of initial instance position counters:
	Odb location = 15	Core center = 0	Region center = 0
[InitialPlace]  Iter: 1 conjugate gradient residual: 0.00000000 HPWL: 513643
[InitialPlace]  Iter: 2 conjugate gradient residual: 0.00000005 HPWL: 257820
[InitialPlace]  Iter: 3 conjugate gradient residual: 0.00000005 HPWL: 252257
[InitialPlace]  Iter: 4 conjugate gradient residual: 0.00000005 HPWL: 251635
[InitialPlace]  Iter: 5 conjugate gradient residual: 0.00000005 HPWL: 251895
[INFO GPL-0033] ---- Initialize Nesterov Region: Top-level
[INFO GPL-0023] Placement target density:       0.3000
[INFO GPL-0024] Movable insts average area:      3.425 um^2
[INFO GPL-0025] Ideal bin area:                 11.415 um^2
[INFO GPL-0026] Ideal bin count:                   102
[INFO GPL-0027] Total bin area:               1168.272 um^2
[INFO GPL-0028] Bin count (X, Y):           8 ,      8
[INFO GPL-0029] Bin size (W * H):       4.346 *  4.200 um
[INFO GPL-0030] Number of bins:                     64
[INFO GPL-0084] ---- Execute Nesterov Global Placement.
[INFO GPL-0031] HPWL: Half-Perimeter Wirelength
Iteration | Overflow |     HPWL (um) |  HPWL(%) |   Penalty | Group
---------------------------------------------------------------
        0 |   0.5734 |  8.321850e+01 |   +0.00% |  1.61e-13 |      
[INFO GPL-0038] Routability snapshot saved at iter = 1
        0 |   0.5734 |  8.321850e+01 |          |           |      
       10 |   0.5732 |  8.482350e+01 |   +1.93% |  2.62e-13 |      
       20 |   0.5734 |  8.481100e+01 |   -0.01% |  4.26e-13 |      
       30 |   0.5731 |  8.485200e+01 |   +0.05% |  6.94e-13 |      
       40 |   0.5732 |  8.484000e+01 |   -0.01% |  1.13e-12 |      
       50 |   0.5732 |  8.483650e+01 |   -0.00% |  1.84e-12 |      
       60 |   0.5732 |  8.483300e+01 |   -0.00% |  3.00e-12 |      
       70 |   0.5732 |  8.482150e+01 |   -0.01% |  4.89e-12 |      
       80 |   0.5732 |  8.480500e+01 |   -0.02% |  7.96e-12 |      
       90 |   0.5732 |  8.478050e+01 |   -0.03% |  1.30e-11 |      
      100 |   0.5732 |  8.475750e+01 |   -0.03% |  2.11e-11 |      
      110 |   0.5732 |  8.475250e+01 |   -0.01% |  3.44e-11 |      
      120 |   0.5732 |  8.487350e+01 |   +0.14% |  5.60e-11 |      
      130 |   0.5732 |  8.493250e+01 |   +0.07% |  9.13e-11 |      
      140 |   0.5731 |  8.483100e+01 |   -0.12% |  1.49e-10 |      
      150 |   0.5731 |  8.475000e+01 |   -0.10% |  2.42e-10 |      
      160 |   0.5732 |  8.486700e+01 |   +0.14% |  3.95e-10 |      
      170 |   0.5732 |  8.474500e+01 |   -0.14% |  6.43e-10 |      
      180 |   0.5730 |  8.475650e+01 |   +0.01% |  1.05e-09 |      
      190 |   0.5723 |  8.485700e+01 |   +0.12% |  1.71e-09 |      
      200 |   0.5716 |  8.501250e+01 |   +0.18% |  2.78e-09 |      
      210 |   0.5705 |  8.534700e+01 |   +0.39% |  4.52e-09 |      
      220 |   0.5670 |  8.604050e+01 |   +0.81% |  7.37e-09 |      
      230 |   0.5500 |  8.868400e+01 |   +3.07% |  1.20e-08 |      
      240 |   0.5013 |  9.490800e+01 |   +7.02% |  1.96e-08 |      
      250 |   0.4435 |  1.020440e+02 |   +7.52% |  3.18e-08 |      
      260 |   0.3977 |  1.093915e+02 |   +7.20% |  5.19e-08 |      
      270 |   0.3323 |  1.096720e+02 |   +0.26% |  8.28e-08 |      
      280 |   0.3038 |  1.170965e+02 |   +6.77% |  1.22e-07 |      
[INFO GPL-0040] Routability iteration: 1
[INFO GPL-0041] Total routing overflow: 0.0000
[INFO GPL-0042] Number of overflowed tiles: 0 (0.00%)
[INFO GPL-0043] Average top 0.5% routing congestion: 0.5958
[INFO GPL-0044] Average top 1.0% routing congestion: 0.5932
[INFO GPL-0045] Average top 2.0% routing congestion: 0.5904
[INFO GPL-0046] Average top 5.0% routing congestion: 0.5762
[INFO GPL-0047] Routability iteration weighted routing congestion: 0.5945
[INFO GPL-0050] Weighted routing congestion is lower than target routing congestion(1.0100), end routability optimization.
[INFO GPL-0090] Routability finished. Target routing congestion achieved succesfully.
Iteration | Overflow |     HPWL (um) |  HPWL(%) |   Penalty | Group
---------------------------------------------------------------
      290 |   0.2626 |  1.223590e+02 |   +4.49% |  1.80e-07 |      
      300 |   0.2479 |  1.300995e+02 |   +6.33% |  2.65e-07 |      
      310 |   0.2300 |  1.359915e+02 |   +4.53% |  3.90e-07 |      
      320 |   0.1627 |  1.349455e+02 |   -0.77% |  5.75e-07 |      
      330 |   0.1146 |  1.378440e+02 |   +2.15% |  8.46e-07 |      
      337 |   0.0972 |  1.395415e+02 |          |  1.15e-06 |      
---------------------------------------------------------------
[INFO GPL-1001] Global placement finished at iteration 337
[INFO GPL-1017] Routability mode iteration count: 281
[INFO GPL-1005] Routability final weighted congestion: 0.5909
[INFO GPL-1002] Placed Cell Area               51.3680
[INFO GPL-1003] Available Free Area          1155.5040
[INFO GPL-1004] Minimum Feasible Density        0.0500 (cell_area / free_area)
[INFO GPL-1006]   Suggested Target Densities:
[INFO GPL-1007]     - For 90% usage of free space: 0.0494
[INFO GPL-1008]     - For 80% usage of free space: 0.0556
[INFO GPL-1009]     - For 50% usage of free space: 0.0889
[INFO GPL-1011] Original area (um^2): 51.37
[INFO GPL-1012] Total routability artificial inflation: 0.00 (+0.00%)
[INFO GPL-1014] Final placement area: 51.37 (+0.00%)
Iteration |   Area    | Resized | Buffers | Nets repaired | Remaining
---------------------------------------------------------------------
        0 |     +0.0% |       0 |       0 |             0 |        22
    final |     +0.0% |       0 |       0 |             0 |         0
---------------------------------------------------------------------
[INFO DPL-0006] Core area: 1168.27 um^2
[INFO DPL-0007] Movable instances area: 30.06 um^2
[INFO DPL-0008] Fixed instances area within core: 12.77 um^2
[INFO DPL-0009] Utilization: 3.7%
[INFO DPL-0005] Diamond search max displacement: +/- 500 sites horizontally, +/- 100 rows vertically.
[INFO DPL-1102] Legalizing using negotiation legalizer.
[INFO DPL-1103] Negotiation base search window: +/-20 sites horizontally, +/-5 rows vertically 
	Automatic search window extension enabled.
	Search window extendable up to the max displacement cap of +/-500 sites, +/-100 rows near walls.
[INFO DPL-1104] NegotiationLegalizer DRC penalty: 5.
[INFO DPL-0392] Negotiation cell height distribution (1 unique row-count(s)):
[INFO DPL-0393]   height 1 row(s): 63 cells
          |      Total |  Illegal |  Illegal
Iteration | Violations |    Cells |    Sites
---------------------------------------------
        0 |          0 |         0 |         0
Negotiation phase 1 converged at iteration 0.
Placement Analysis
---------------------------------
total displacement         24.5 u
average displacement        0.4 u
max displacement            4.5 u
original HPWL             141.1 u
legalized HPWL            172.8 u
delta HPWL                   22 %

worst slack min 0.089
worst slack max 0.242
tns max 0.000
[INFO CTS-0050] Root buffer is BUF_X4.
[INFO CTS-0051] Sink buffer is BUF_X4.
[INFO CTS-0052] The following clock buffers will be used for CTS:
                    BUF_X4
[INFO CTS-0049] Characterization buffer is BUF_X4.
[INFO CTS-0007] Net "clk" found for clock "core_clock".
[INFO CTS-0010]  Clock net "clk" has 4 sinks.
[INFO CTS-0008] TritonCTS found 1 clock nets.
[INFO CTS-0097] Characterization used 1 buffer(s) types.
[INFO CTS-0201] 0 blockages from hard placement blockages and placed macros will be used.
[INFO CTS-0027] Generating H-Tree topology for net clk.
[INFO CTS-0028]  Total number of sinks: 4.
[INFO CTS-0059]  Register sinks will be clustered with maximum cluster diameter of 100.0 um and based on buffer max cap.
[INFO CTS-0030]  Number of static layers: 0.
[INFO CTS-0020]  Wire segment unit: 14000  dbu (7 um).
[INFO CTS-0023]  Original sink region: [(29830, 21170), (45790, 29230)].
[INFO CTS-0024]  Normalized sink region: [(2.13071, 1.51214), (3.27071, 2.08786)].
[INFO CTS-0025]     Width:  1.1400.
[INFO CTS-0026]     Height: 0.5757.
 Level 1
    Direction: Horizontal
    Sinks per sub-region: 2
    Sub-region size: 0.5700 X 0.5757
[INFO CTS-0034]     Segment length (rounded): 1.
[INFO CTS-0038]  Stop criterion found. Sink region hpwl is smaller than max wirelength (692.813 um) and max number of sinks is 15.
[INFO CTS-0035]  Number of sinks covered: 4.
[INFO CTS-0018]     Created 3 clock buffers.
[INFO CTS-0012]     Minimum number of buffers in the clock path: 2.
[INFO CTS-0013]     Maximum number of buffers in the clock path: 2.
[INFO CTS-0015]     Created 3 clock nets.
[INFO CTS-0016]     Fanout distribution for the current clock = 2:2..
[INFO CTS-0017]     Max level of the clock tree: 1.
[INFO CTS-0098] Clock net "clk"
[INFO CTS-0099]  Sinks 4
[INFO CTS-0100]  Leaf buffers 0
[INFO CTS-0101]  Average sink wire length 28.06 um
[INFO CTS-0102]  Path depth 2 - 2
[INFO CTS-0207]  Dummy loads inserted 0
[INFO RSZ-0058] Using max wire length 693um.
[INFO DPL-0006] Core area: 1168.27 um^2
[INFO DPL-0007] Movable instances area: 35.64 um^2
[INFO DPL-0008] Fixed instances area within core: 12.77 um^2
[INFO DPL-0009] Utilization: 4.1%
[INFO DPL-0005] Diamond search max displacement: +/- 500 sites horizontally, +/- 100 rows vertically.
[INFO DPL-1102] Legalizing using negotiation legalizer.
[INFO DPL-1103] Negotiation base search window: +/-20 sites horizontally, +/-5 rows vertically 
	Automatic search window extension enabled.
	Search window extendable up to the max displacement cap of +/-500 sites, +/-100 rows near walls.
[INFO DPL-1104] NegotiationLegalizer DRC penalty: 5.
[INFO DPL-0392] Negotiation cell height distribution (1 unique row-count(s)):
[INFO DPL-0393]   height 1 row(s): 66 cells
Placement Analysis
---------------------------------
total displacement          4.5 u
average displacement        0.1 u
max displacement            1.5 u
original HPWL             194.7 u
legalized HPWL            194.9 u
delta HPWL                    0 %

[INFO RSZ-0100] Repair move sequence: UnbufferMove SizeUpMove SwapPinsMove BufferMove SplitLoadMove 
[INFO RSZ-0098] No setup violations found
[INFO RSZ-0033] No hold violations found.
worst slack min 0.067
worst slack max 0.241
tns max 0.000
[INFO DPL-0006] Core area: 1168.27 um^2
[INFO DPL-0007] Movable instances area: 35.64 um^2
[INFO DPL-0008] Fixed instances area within core: 12.77 um^2
[INFO DPL-0009] Utilization: 4.1%
[INFO DPL-0005] Diamond search max displacement: +/- 500 sites horizontally, +/- 100 rows vertically.
[INFO DPL-1102] Legalizing using negotiation legalizer.
[INFO DPL-1103] Negotiation base search window: +/-20 sites horizontally, +/-5 rows vertically 
	Automatic search window extension enabled.
	Search window extendable up to the max displacement cap of +/-500 sites, +/-100 rows near walls.
[INFO DPL-1104] NegotiationLegalizer DRC penalty: 5.
[INFO DPL-0392] Negotiation cell height distribution (1 unique row-count(s)):
[INFO DPL-0393]   height 1 row(s): 66 cells
Placement Analysis
---------------------------------
total displacement          0.0 u
average displacement        0.0 u
max displacement            0.0 u
original HPWL             194.9 u
legalized HPWL            194.9 u
delta HPWL                    0 %

[INFO DRT-0149] Reading tech and libs.

Units:                2000
Number of layers:     21
Number of macros:     135
Number of vias:       30
Number of viarulegen: 19

[INFO DRT-0150] Reading design.

Design:                   counter4sync
Die area:                 ( 0 0 ) ( 90060 89600 )
Number of track patterns: 20
Number of DEF vias:       0
Number of components:     66
Number of terminals:      7
Number of snets:          2
Number of nets:           25

[INFO DRT-0167] List of default vias:
  Layer via2
    default via: via2_5
  Layer via3
    default via: via3_2
  Layer via4
    default via: via4_0
  Layer via5
    default via: via5_0
  Layer via6
    default via: via6_0
  Layer via7
    default via: via7_0
  Layer via8
    default via: via8_0
  Layer via9
    default via: via9_0
[INFO DRT-0162] Library cell analysis.
[INFO DRT-0163] Instance analysis.
[INFO DRT-0164] Number of unique instances = 17.
[INFO DRT-0168] Init region query.
[INFO DRT-0024]   Complete active.
[INFO DRT-0024]   Complete Fr_VIA.
[INFO DRT-0024]   Complete metal1.
[INFO DRT-0024]   Complete via1.
[INFO DRT-0024]   Complete metal2.
[INFO DRT-0024]   Complete via2.
[INFO DRT-0024]   Complete metal3.
[INFO DRT-0024]   Complete via3.
[INFO DRT-0024]   Complete metal4.
[INFO DRT-0024]   Complete via4.
[INFO DRT-0024]   Complete metal5.
[INFO DRT-0024]   Complete via5.
[INFO DRT-0024]   Complete metal6.
[INFO DRT-0024]   Complete via6.
[INFO DRT-0024]   Complete metal7.
[INFO DRT-0024]   Complete via7.
[INFO DRT-0024]   Complete metal8.
[INFO DRT-0024]   Complete via8.
[INFO DRT-0024]   Complete metal9.
[INFO DRT-0024]   Complete via9.
[INFO DRT-0024]   Complete metal10.
[INFO DRT-0033] active shape region query size = 0.
[INFO DRT-0033] FR_VIA shape region query size = 0.
[INFO DRT-0033] metal1 shape region query size = 604.
[INFO DRT-0033] via1 shape region query size = 75.
[INFO DRT-0033] metal2 shape region query size = 57.
[INFO DRT-0033] via2 shape region query size = 75.
[INFO DRT-0033] metal3 shape region query size = 50.
[INFO DRT-0033] via3 shape region query size = 75.
[INFO DRT-0033] metal4 shape region query size = 27.
[INFO DRT-0033] via4 shape region query size = 0.
[INFO DRT-0033] metal5 shape region query size = 0.
[INFO DRT-0033] via5 shape region query size = 0.
[INFO DRT-0033] metal6 shape region query size = 0.
[INFO DRT-0033] via6 shape region query size = 0.
[INFO DRT-0033] metal7 shape region query size = 0.
[INFO DRT-0033] via7 shape region query size = 0.
[INFO DRT-0033] metal8 shape region query size = 0.
[INFO DRT-0033] via8 shape region query size = 0.
[INFO DRT-0033] metal9 shape region query size = 0.
[INFO DRT-0033] via9 shape region query size = 0.
[INFO DRT-0033] metal10 shape region query size = 0.
[INFO DRT-0165] Start pin access.
[INFO DRT-0078]   Complete 81 pins.
[INFO DRT-0081]   Complete 17 unique inst patterns.
[INFO DRT-0084]   Complete 18 groups.
#scanned instances     = 66
#unique  instances     = 17
#stdCellGenAp          = 241
#stdCellValidPlanarAp  = 0
#stdCellValidViaAp     = 207
#stdCellPinNoAp        = 0
#stdCellPinCnt         = 62
#instTermValidViaApCnt = 0
#macroGenAp            = 0
#macroValidPlanarAp    = 0
#macroValidViaAp       = 0
#macroNoAp             = 0
[INFO DRT-0166] Complete pin access.
[INFO DRT-0267] cpu time = 00:00:00, elapsed time = 00:00:00, memory = 258.16 (MB), peak = 258.16 (MB)
[INFO GRT-0020] Min routing layer: metal2
[INFO GRT-0021] Max routing layer: metal10
[INFO GRT-0022] Global adjustment: 0%
[INFO GRT-0023] Grid origin: (0, 0)
[INFO GRT-0088] Layer metal1  Track-Pitch = 0.1400  line-2-Via Pitch: 0.1350
[INFO GRT-0088] Layer metal2  Track-Pitch = 0.1900  line-2-Via Pitch: 0.1400
[INFO GRT-0088] Layer metal3  Track-Pitch = 0.1400  line-2-Via Pitch: 0.1400
[INFO GRT-0088] Layer metal4  Track-Pitch = 0.2800  line-2-Via Pitch: 0.2800
[INFO GRT-0088] Layer metal5  Track-Pitch = 0.2800  line-2-Via Pitch: 0.2800
[INFO GRT-0088] Layer metal6  Track-Pitch = 0.2800  line-2-Via Pitch: 0.2800
[INFO GRT-0088] Layer metal7  Track-Pitch = 0.8000  line-2-Via Pitch: 0.8000
[INFO GRT-0088] Layer metal8  Track-Pitch = 0.8000  line-2-Via Pitch: 0.8000
[INFO GRT-0088] Layer metal9  Track-Pitch = 1.6000  line-2-Via Pitch: 1.6000
[INFO GRT-0088] Layer metal10 Track-Pitch = 1.6000  line-2-Via Pitch: 1.6000
[INFO GRT-0003] Macros: 0
[INFO GRT-0004] Blockages: 0
[INFO GRT-0019] Found 4 clock nets.
[INFO GRT-0001] Minimum degree: 2
[INFO GRT-0002] Maximum degree: 6

[INFO GRT-0053] Routing resources analysis:
          Routing      Original      Derated      Resource
Layer     Direction    Resources     Resources    Reduction (%)
---------------------------------------------------------------
metal1     Horizontal          0             0          0.00%
metal2     Vertical         3243          1529          52.85%
metal3     Horizontal       4455          2182          51.02%
metal4     Vertical         2204          1081          50.95%
metal5     Horizontal       2240          1092          51.25%
metal6     Vertical         2254          1106          50.93%
metal7     Horizontal        770           336          56.36%
metal8     Vertical          770           336          56.36%
metal9     Horizontal        378           210          44.44%
metal10    Vertical          378           210          44.44%
---------------------------------------------------------------

[INFO GRT-0101] Running extra iterations to remove congestion.
[INFO GRT-0102] Start extra iteration 1/100
[INFO GRT-0102] Start extra iteration 2/100
[INFO GRT-0102] Start extra iteration 3/100
[INFO GRT-0102] Start extra iteration 4/100
[INFO GRT-0102] Start extra iteration 5/100
[INFO GRT-0102] Start extra iteration 6/100
[INFO GRT-0102] Start extra iteration 7/100
[INFO GRT-0102] Start extra iteration 8/100
[INFO GRT-0102] Start extra iteration 9/100
[INFO GRT-0102] Start extra iteration 10/100
[INFO GRT-0102] Start extra iteration 11/100
[INFO GRT-0102] Start extra iteration 12/100
[INFO GRT-0102] Start extra iteration 13/100
[INFO GRT-0102] Start extra iteration 14/100
[INFO GRT-0102] Start extra iteration 15/100
[INFO GRT-0102] Start extra iteration 16/100
[INFO GRT-0102] Start extra iteration 17/100
[INFO GRT-0102] Start extra iteration 18/100
[INFO GRT-0102] Start extra iteration 19/100
[INFO GRT-0102] Start extra iteration 20/100
[INFO GRT-0102] Start extra iteration 21/100
[INFO GRT-0102] Start extra iteration 22/100
[INFO GRT-0102] Start extra iteration 23/100
[INFO GRT-0102] Start extra iteration 24/100
[INFO GRT-0102] Start extra iteration 25/100
[INFO GRT-0102] Start extra iteration 26/100
[INFO GRT-0102] Start extra iteration 27/100
[INFO GRT-0102] Start extra iteration 28/100
[INFO GRT-0102] Start extra iteration 29/100
[INFO GRT-0102] Start extra iteration 30/100
[INFO GRT-0102] Start extra iteration 31/100
[INFO GRT-0102] Start extra iteration 32/100
[INFO GRT-0102] Start extra iteration 33/100
[INFO GRT-0102] Start extra iteration 34/100
[INFO GRT-0102] Start extra iteration 35/100
[INFO GRT-0102] Start extra iteration 36/100
[INFO GRT-0102] Start extra iteration 37/100
[INFO GRT-0102] Start extra iteration 38/100
[INFO GRT-0102] Start extra iteration 39/100
[INFO GRT-0102] Start extra iteration 40/100
[INFO GRT-0102] Start extra iteration 41/100
[WARNING GRT-0273] Disabled NDR (to reduce congestion) for net: clknet_0_clk
[INFO GRT-0102] Start extra iteration 1/100
[INFO GRT-0102] Start extra iteration 2/100
[INFO GRT-0102] Start extra iteration 3/100
[INFO GRT-0102] Start extra iteration 4/100
[INFO GRT-0102] Start extra iteration 5/100
[INFO GRT-0102] Start extra iteration 6/100
[INFO GRT-0102] Start extra iteration 7/100
[INFO GRT-0102] Start extra iteration 8/100
[INFO GRT-0102] Start extra iteration 9/100
[INFO GRT-0102] Start extra iteration 10/100
[INFO GRT-0102] Start extra iteration 11/100
[INFO GRT-0102] Start extra iteration 12/100
[WARNING GRT-0273] Disabled NDR (to reduce congestion) for net: clk
[INFO GRT-0102] Start extra iteration 1/100
[INFO GRT-0197] Via related to pin nodes: 107
[INFO GRT-0198] Via related Steiner nodes: 2
[INFO GRT-0199] Via filling finished.
[INFO GRT-0111] Final number of vias: 155
[INFO GRT-0112] Final usage 3D: 566

[INFO GRT-0096] Final congestion report:
Layer         Resource        Demand        Usage (%)    Max H / Max V / Total Congestion
---------------------------------------------------------------------------------------
metal1               0             0            0.00%             0 /  0 /  0
metal2            1529            56            3.66%             0 /  0 /  0
metal3            2182            23            1.05%             0 /  0 /  0
metal4            1081             9            0.83%             0 /  0 /  0
metal5            1092             0            0.00%             0 /  0 /  0
metal6            1106             7            0.63%             0 /  0 /  0
metal7             336             6            1.79%             0 /  0 /  0
metal8             336             0            0.00%             0 /  0 /  0
metal9             210             0            0.00%             0 /  0 /  0
metal10            210             0            0.00%             0 /  0 /  0
---------------------------------------------------------------------------------------
Total             8082           101            1.25%             0 /  0 /  0

[INFO GRT-0018] Total wirelength: 461 um
[INFO GRT-0014] Routed nets: 22
[WARNING GRT-0246] No diode with LEF class CORE ANTENNACELL found.
[INFO ANT-0002] Found 0 net violations.
[INFO ANT-0001] Found 0 pin violations.
[INFO DRT-0178] Init guide query.
[INFO DRT-0036] active guide region query size = 0.
[INFO DRT-0036] FR_VIA guide region query size = 0.
[INFO DRT-0036] metal1 guide region query size = 49.
[INFO DRT-0036] via1 guide region query size = 0.
[INFO DRT-0036] metal2 guide region query size = 46.
[INFO DRT-0036] via2 guide region query size = 0.
[INFO DRT-0036] metal3 guide region query size = 21.
[INFO DRT-0036] via3 guide region query size = 0.
[INFO DRT-0036] metal4 guide region query size = 6.
[INFO DRT-0036] via4 guide region query size = 0.
[INFO DRT-0036] metal5 guide region query size = 5.
[INFO DRT-0036] via5 guide region query size = 0.
[INFO DRT-0036] metal6 guide region query size = 5.
[INFO DRT-0036] via6 guide region query size = 0.
[INFO DRT-0036] metal7 guide region query size = 3.
[INFO DRT-0036] via7 guide region query size = 0.
[INFO DRT-0036] metal8 guide region query size = 0.
[INFO DRT-0036] via8 guide region query size = 0.
[INFO DRT-0036] metal9 guide region query size = 0.
[INFO DRT-0036] via9 guide region query size = 0.
[INFO DRT-0036] metal10 guide region query size = 0.
[INFO DRT-0179] Init gr pin query.
[INFO ANT-0002] Found 0 net violations.
[INFO ANT-0001] Found 0 pin violations.
[INFO ANT-0002] Found 0 net violations.
[INFO ANT-0001] Found 0 pin violations.
[INFO DPL-0001] Placed 220 filler instances.
[INFO RCX-0431] Defined process_corner X with ext_model_index 0
[INFO RCX-0029] Defined extraction corner X
[WARNING RCX-0514] The ext_model_file option is deprecated. Use set_extraction_rules_file command instead.
[INFO RCX-0435] Reading extraction model file Nangate45/Nangate45.rcx_rules ...
[INFO RCX-0436] RC segment generation counter4sync (max_merge_res 50.0) ...
[INFO RCX-0040] Final 72 rc segments
[INFO RCX-0439] Coupling Cap extraction counter4sync ...
[INFO RCX-0440] Coupling threshhold is 0.1000 fF, coupling capacitance less than 0.1000 fF will be grounded.
[INFO RCX-0442] 52% of 157 wires extracted
[INFO RCX-0442] 100% of 157 wires extracted
[INFO RCX-0045] Extract 25 nets, 94 rsegs, 94 caps, 107 ccs
[INFO RCX-0443] 25 nets finished
Startpoint: rst (input port clocked by core_clock)
Endpoint: _29_ (rising edge-triggered flip-flop clocked by core_clock)
Path Group: core_clock
Path Type: min

     Cap     Slew    Delay     Time   Description
---------------------------------------------------------------------------
                     0.000    0.000   clock core_clock (rise edge)
                     0.000    0.000   clock network delay (propagated)
                     0.100    0.100 ^ input external delay
   9.324    0.000    0.000    0.100 ^ rst (in)
            0.000    0.000    0.100 ^ _23_/A1 (NOR2_X1)
   1.231    0.003    0.005    0.105 v _23_/ZN (NOR2_X1)
            0.003    0.000    0.105 v _29_/D (DFF_X1)
                              0.105   data arrival time

                     0.000    0.000   clock core_clock (rise edge)
                     0.000    0.000   clock source latency
   4.480    0.000    0.000    0.000 ^ clk (in)
            0.000    0.000    0.000 ^ clkbuf_0_clk/A (BUF_X4)
   8.177    0.008    0.018    0.018 ^ clkbuf_0_clk/Z (BUF_X4)
            0.008    0.000    0.019 ^ clkbuf_1_0__f_clk/A (BUF_X4)
   2.460    0.005    0.017    0.036 ^ clkbuf_1_0__f_clk/Z (BUF_X4)
            0.005    0.000    0.036 ^ _29_/CK (DFF_X1)
                     0.000    0.036   clock reconvergence pessimism
                     0.003    0.039   library hold time
                              0.039   data required time
---------------------------------------------------------------------------
                              0.039   data required time
                             -0.105   data arrival time
---------------------------------------------------------------------------
                              0.066   slack (MET)


Startpoint: _26_ (rising edge-triggered flip-flop clocked by core_clock)
Endpoint: _29_ (rising edge-triggered flip-flop clocked by core_clock)
Path Group: core_clock
Path Type: max

     Cap     Slew    Delay     Time   Description
---------------------------------------------------------------------------
                     0.000    0.000   clock core_clock (rise edge)
                     0.000    0.000   clock source latency
   4.480    0.000    0.000    0.000 ^ clk (in)
            0.000    0.000    0.000 ^ clkbuf_0_clk/A (BUF_X4)
   8.177    0.008    0.018    0.018 ^ clkbuf_0_clk/Z (BUF_X4)
            0.008    0.000    0.019 ^ clkbuf_1_0__f_clk/A (BUF_X4)
   2.460    0.005    0.017    0.036 ^ clkbuf_1_0__f_clk/Z (BUF_X4)
            0.005    0.000    0.036 ^ _26_/CK (DFF_X1)
   7.544    0.020    0.099    0.135 ^ _26_/Q (DFF_X1)
            0.020    0.000    0.136 ^ _21_/A4 (AND4_X1)
   5.242    0.019    0.071    0.206 ^ _21_/ZN (AND4_X1)
            0.019    0.000    0.207 ^ _22_/B (XNOR2_X1)
   1.848    0.019    0.042    0.248 ^ _22_/ZN (XNOR2_X1)
            0.019    0.000    0.248 ^ _23_/A2 (NOR2_X1)
   1.231    0.007    0.011    0.260 v _23_/ZN (NOR2_X1)
            0.007    0.000    0.260 v _29_/D (DFF_X1)
                              0.260   data arrival time

                     0.500    0.500   clock core_clock (rise edge)
                     0.000    0.500   clock source latency
   4.480    0.000    0.000    0.500 ^ clk (in)
            0.000    0.000    0.500 ^ clkbuf_0_clk/A (BUF_X4)
   8.177    0.008    0.018    0.518 ^ clkbuf_0_clk/Z (BUF_X4)
            0.008    0.000    0.519 ^ clkbuf_1_0__f_clk/A (BUF_X4)
   2.460    0.005    0.017    0.536 ^ clkbuf_1_0__f_clk/Z (BUF_X4)
            0.005    0.000    0.536 ^ _29_/CK (DFF_X1)
                     0.000    0.536   clock reconvergence pessimism
                    -0.038    0.498   library setup time
                              0.498   data required time
---------------------------------------------------------------------------
                              0.498   data required time
                             -0.260   data arrival time
---------------------------------------------------------------------------
                              0.238   slack (MET)


worst slack min 0.066
worst slack max 0.238
tns max 0.000
Clock core_clock
  0.036 source latency _26_/CK ^
 -0.036 target latency _28_/CK ^
  0.000 CRPR
--------------
 -0.000 setup skew

Group                  Internal  Switching    Leakage      Total
                          Power      Power      Power      Power (Watts)
----------------------------------------------------------------
Sequential             5.28e-05   2.62e-06   3.09e-07   5.57e-05  29.0%
Combinational          3.40e-06   1.92e-06   2.63e-07   5.58e-06   2.9%
Clock                  9.88e-05   3.18e-05   2.58e-07   1.31e-04  68.1%
Macro                  0.00e+00   0.00e+00   0.00e+00   0.00e+00   0.0%
Pad                    0.00e+00   0.00e+00   0.00e+00   0.00e+00   0.0%
----------------------------------------------------------------
Total                  1.55e-04   3.63e-05   8.31e-07   1.92e-04 100.0%
                          80.7%      18.9%       0.4%
Design area 48 um^2 4% utilization.
FLOW_COMPLETE
