OpenROAD bazel-nostamp 
Features included (+) or not (-): -GPU -GUI -Python
This program is licensed under the BSD-3 license. See the LICENSE file for details.
Components of this program may be licensed under more restrictive licenses which must be honored.
[INFO ODB-0227] LEF file: Nangate45/Nangate45_tech.lef, created 22 layers, 27 vias
[INFO ODB-0227] LEF file: Nangate45/Nangate45_stdcell.lef, created 135 library cells
[WARNING STA-0441] set_input_delay relative to a clock defined on the same port/pin not allowed.
[INFO IFP-0001] Added 24 rows of 183 site FreePDK45_38x28_10R_NP_162NW_34O.
[INFO IFP-0100] Die BBox:  (  0.000  0.000 ) ( 45.030 44.800 ) um
[INFO IFP-0101] Core BBox: (  5.130  5.600 ) ( 39.900 39.200 ) um
[INFO IFP-0102] Core area:                         1168.272 um^2
[INFO IFP-0103] Total instances area:                63.574 um^2
[INFO IFP-0104] Effective utilization:                0.054
[INFO IFP-0105] Number of instances:                     24
[INFO RSZ-0026] Removed 0 buffers.
[INFO TAP-0004] Inserted 48 endcaps.
[INFO TAP-0005] Inserted 0 tapcells.
[WARNING ORD-0046] -defer_connection has been deprecated.
[WARNING ORD-0046] -defer_connection has been deprecated.
[WARNING ORD-0046] -defer_connection has been deprecated.
[WARNING ORD-0046] -defer_connection has been deprecated.
[WARNING ORD-0046] -defer_connection has been deprecated.
[WARNING PDN-1051] No instances found for grid (CORE_macro_grid_1).
[WARNING PDN-1051] No instances found for grid (CORE_macro_grid_2).
[INFO PDN-0001] Inserting grid: grid
[INFO GPL-0001] ---- Initialize GPL Main Data Structures
[INFO GPL-0002] DBU: 2000
[INFO GPL-0003] SiteSize: (  0.190  1.400 ) um
[INFO GPL-0004] CoreBBox: (  5.130  5.600 ) ( 39.900 39.200 ) um
[INFO GPL-0016] Core area:                    1168.272 um^2
[INFO GPL-0036] Movable instances area:         89.110 um^2
[INFO GPL-0037] Total instances area:          101.878 um^2
[INFO GPL-0035] Pin density area adjust:         3.712 um^2
[INFO GPL-0032] ---- Initialize Region: Top-level
[INFO GPL-0006] Number of instances:                72
[INFO GPL-0007] Movable instances:                  24
[INFO GPL-0008] Fixed instances:                    48
[INFO GPL-0009] Dummy instances:                     0
[INFO GPL-0010] Number of nets:                     35
[INFO GPL-0011] Number of pins:                     94
[INFO GPL-0012] Die BBox:       (  0.000  0.000 ) ( 45.030 44.800 ) um
[INFO GPL-0013] Placement BBox: (  5.130  5.600 ) ( 39.900 39.200 ) um
[INFO GPL-0014] Region name: top-level.
[INFO GPL-0015] Region area:                  1168.272 um^2
[INFO GPL-0017] Fixed instances area:           12.768 um^2
[INFO GPL-0018] Movable instances area:         92.822 um^2
[INFO GPL-0019] Utilization:                     8.033 %
[INFO GPL-0020] Standard cells area:            92.822 um^2
[INFO GPL-0021] Large instances area:            0.000 um^2
[INFO GPL-0005] ---- Execute Conjugate Gradient Initial Placement.
[INFO GPL-0051] Source of initial instance position counters:
	Odb location = 0	Core center = 24	Region center = 0
[INFO GPL-0033] ---- Initialize Nesterov Region: Top-level
[INFO GPL-0023] Placement target density:       0.3000
[INFO GPL-0024] Movable insts average area:      3.868 um^2
[INFO GPL-0025] Ideal bin area:                 12.892 um^2
[INFO GPL-0026] Ideal bin count:                    90
[INFO GPL-0027] Total bin area:               1168.272 um^2
[INFO GPL-0028] Bin count (X, Y):           8 ,      8
[INFO GPL-0029] Bin size (W * H):       4.346 *  4.200 um
[INFO GPL-0030] Number of bins:                     64
[INFO GPL-0084] ---- Execute Nesterov Global Placement.
[INFO GPL-0031] HPWL: Half-Perimeter Wirelength
Iteration | Overflow |     HPWL (um) |  HPWL(%) |   Penalty | Group
---------------------------------------------------------------
        0 |   0.7638 |  3.730600e+01 |   +0.00% |  3.95e-14 |      
       10 |   0.7638 |  3.622450e+01 |   -2.90% |  6.43e-14 |      
       20 |   0.7638 |  3.621250e+01 |   -0.03% |  1.05e-13 |      
       30 |   0.7638 |  3.622950e+01 |   +0.05% |  1.71e-13 |      
       40 |   0.7638 |  3.623900e+01 |   +0.03% |  2.78e-13 |      
       50 |   0.7638 |  3.624150e+01 |   +0.01% |  4.53e-13 |      
       60 |   0.7638 |  3.626000e+01 |   +0.05% |  7.37e-13 |      
       70 |   0.7638 |  3.629500e+01 |   +0.10% |  1.20e-12 |      
       80 |   0.7638 |  3.638600e+01 |   +0.25% |  1.96e-12 |      
       90 |   0.7638 |  3.656550e+01 |   +0.49% |  3.19e-12 |      
      100 |   0.7638 |  3.687800e+01 |   +0.85% |  5.19e-12 |      
      110 |   0.7638 |  3.734550e+01 |   +1.27% |  8.46e-12 |      
      120 |   0.7638 |  3.799500e+01 |   +1.74% |  1.38e-11 |      
      130 |   0.7638 |  3.865100e+01 |   +1.73% |  2.24e-11 |      
      140 |   0.7638 |  3.903100e+01 |   +0.98% |  3.65e-11 |      
      150 |   0.7638 |  3.863100e+01 |   -1.02% |  5.95e-11 |      
      160 |   0.7638 |  3.794800e+01 |   -1.77% |  9.70e-11 |      
      170 |   0.7638 |  3.849350e+01 |   +1.44% |  1.58e-10 |      
      180 |   0.7638 |  3.789400e+01 |   -1.56% |  2.57e-10 |      
      190 |   0.7638 |  3.833100e+01 |   +1.15% |  4.19e-10 |      
      200 |   0.7638 |  3.816650e+01 |   -0.43% |  6.83e-10 |      
      210 |   0.7638 |  3.935500e+01 |   +3.11% |  1.11e-09 |      
      220 |   0.7030 |  4.744050e+01 |  +20.55% |  1.81e-09 |      
      230 |   0.6677 |  4.811600e+01 |   +1.42% |  2.95e-09 |      
      240 |   0.5821 |  5.268800e+01 |   +9.50% |  4.81e-09 |      
      250 |   0.5309 |  5.634600e+01 |   +6.94% |  7.83e-09 |      
      260 |   0.5268 |  6.231200e+01 |  +10.59% |  1.28e-08 |      
      270 |   0.4961 |  7.888500e+01 |  +26.60% |  2.08e-08 |      
      280 |   0.3811 |  8.675550e+01 |   +9.98% |  3.38e-08 |      
      290 |   0.3659 |  9.229700e+01 |   +6.39% |  5.51e-08 |      
      300 |   0.3183 |  9.943200e+01 |   +7.73% |  8.54e-08 |      
      310 |   0.3060 |  1.011435e+02 |   +1.72% |  1.26e-07 |      
      320 |   0.2430 |  1.136165e+02 |  +12.33% |  1.85e-07 |      
      330 |   0.2168 |  1.230285e+02 |   +8.28% |  2.73e-07 |      
      340 |   0.1535 |  1.250990e+02 |   +1.68% |  4.02e-07 |      
      350 |   0.1396 |  1.254080e+02 |   +0.25% |  5.92e-07 |      
      360 |   0.1223 |  1.304295e+02 |   +4.00% |  8.72e-07 |      
      367 |   0.0998 |  1.297485e+02 |          |  1.19e-06 |      
---------------------------------------------------------------
[INFO GPL-1001] Global placement finished at iteration 367
[INFO GPL-1002] Placed Cell Area               92.8218
[INFO GPL-1003] Available Free Area          1155.5040
[INFO GPL-1004] Minimum Feasible Density        0.0900 (cell_area / free_area)
[INFO GPL-1006]   Suggested Target Densities:
[INFO GPL-1007]     - For 90% usage of free space: 0.0893
[INFO GPL-1008]     - For 80% usage of free space: 0.1004
[INFO GPL-1009]     - For 50% usage of free space: 0.1607
[INFO GPL-1014] Final placement area: 92.82 (+0.00%)
Found 0 macro blocks.
Using 2 tracks default min distance between IO pins.
[INFO PPL-0001] Number of available slots 530
[INFO PPL-0002] Number of I/O             11
[INFO PPL-0003] Number of I/O w/sink      11
[INFO PPL-0004] Number of I/O w/o sink    0
[INFO PPL-0005] Slots per section         200
[INFO PPL-0008] Successfully assigned pins to sections.
[INFO PPL-0012] I/O nets HPWL: 272.82 um.
[INFO GPL-0001] ---- Initialize GPL Main Data Structures
[INFO GPL-0002] DBU: 2000
[INFO GPL-0003] SiteSize: (  0.190  1.400 ) um
[INFO GPL-0004] CoreBBox: (  5.130  5.600 ) ( 39.900 39.200 ) um
[INFO GPL-0016] Core area:                    1168.272 um^2
[INFO GPL-0036] Movable instances area:         89.110 um^2
[INFO GPL-0037] Total instances area:          101.878 um^2
[INFO GPL-0035] Pin density area adjust:         3.712 um^2
[INFO GPL-0032] ---- Initialize Region: Top-level
[INFO GPL-0006] Number of instances:                72
[INFO GPL-0007] Movable instances:                  24
[INFO GPL-0008] Fixed instances:                    48
[INFO GPL-0009] Dummy instances:                     0
[INFO GPL-0010] Number of nets:                     35
[INFO GPL-0011] Number of pins:                    105
[INFO GPL-0012] Die BBox:       (  0.000  0.000 ) ( 45.030 44.800 ) um
[INFO GPL-0013] Placement BBox: (  5.130  5.600 ) ( 39.900 39.200 ) um
[INFO GPL-0014] Region name: top-level.
[INFO GPL-0015] Region area:                  1168.272 um^2
[INFO GPL-0017] Fixed instances area:           12.768 um^2
[INFO GPL-0018] Movable instances area:         92.822 um^2
[INFO GPL-0019] Utilization:                     8.033 %
[INFO GPL-0020] Standard cells area:            92.822 um^2
[INFO GPL-0021] Large instances area:            0.000 um^2
[INFO GPL-0005] ---- Execute Conjugate Gradient Initial Placement.
[INFO GPL-0051] Source of initial instance position counters:
	Odb location = 24	Core center = 0	Region center = 0
[InitialPlace]  Iter: 1 conjugate gradient residual: 0.00000006 HPWL: 866790
[InitialPlace]  Iter: 2 conjugate gradient residual: 0.00000008 HPWL: 805210
[InitialPlace]  Iter: 3 conjugate gradient residual: 0.00000004 HPWL: 787439
[InitialPlace]  Iter: 4 conjugate gradient residual: 0.00000009 HPWL: 769335
[InitialPlace]  Iter: 5 conjugate gradient residual: 0.00000004 HPWL: 751901
[INFO GPL-0033] ---- Initialize Nesterov Region: Top-level
[INFO GPL-0023] Placement target density:       0.3000
[INFO GPL-0024] Movable insts average area:      3.868 um^2
[INFO GPL-0025] Ideal bin area:                 12.892 um^2
[INFO GPL-0026] Ideal bin count:                    90
[INFO GPL-0027] Total bin area:               1168.272 um^2
[INFO GPL-0028] Bin count (X, Y):           8 ,      8
[INFO GPL-0029] Bin size (W * H):       4.346 *  4.200 um
[INFO GPL-0030] Number of bins:                     64
[INFO GPL-0084] ---- Execute Nesterov Global Placement.
[INFO GPL-0031] HPWL: Half-Perimeter Wirelength
Iteration | Overflow |     HPWL (um) |  HPWL(%) |   Penalty | Group
---------------------------------------------------------------
        0 |   0.3136 |  2.807780e+02 |   +0.00% |  1.05e-12 |      
[INFO GPL-0038] Routability snapshot saved at iter = 1
        0 |   0.3136 |  2.807780e+02 |          |           |      
       10 |   0.3420 |  2.817785e+02 |   +0.36% |  1.54e-12 |      
       20 |   0.3385 |  2.806295e+02 |   -0.41% |  2.27e-12 |      
       30 |   0.3396 |  2.809095e+02 |   +0.10% |  3.35e-12 |      
       40 |   0.3382 |  2.807500e+02 |   -0.06% |  4.93e-12 |      
       50 |   0.3392 |  2.807580e+02 |   +0.00% |  7.27e-12 |      
       60 |   0.3384 |  2.807580e+02 |   +0.00% |  1.07e-11 |      
       70 |   0.3390 |  2.807900e+02 |   +0.01% |  1.58e-11 |      
       80 |   0.3385 |  2.808275e+02 |   +0.01% |  2.32e-11 |      
       90 |   0.3388 |  2.809150e+02 |   +0.03% |  3.42e-11 |      
      100 |   0.3383 |  2.810170e+02 |   +0.04% |  5.04e-11 |      
      110 |   0.3384 |  2.811625e+02 |   +0.05% |  7.43e-11 |      
      120 |   0.3379 |  2.813395e+02 |   +0.06% |  1.09e-10 |      
      130 |   0.3379 |  2.815400e+02 |   +0.07% |  1.61e-10 |      
      140 |   0.3376 |  2.816215e+02 |   +0.03% |  2.37e-10 |      
      150 |   0.3376 |  2.815100e+02 |   -0.04% |  3.50e-10 |      
      160 |   0.3375 |  2.812445e+02 |   -0.09% |  5.15e-10 |      
      170 |   0.3372 |  2.813540e+02 |   +0.04% |  7.59e-10 |      
      180 |   0.3366 |  2.814470e+02 |   +0.03% |  1.12e-09 |      
      190 |   0.3359 |  2.812275e+02 |   -0.08% |  1.65e-09 |      
      200 |   0.3349 |  2.813395e+02 |   +0.04% |  2.43e-09 |      
      210 |   0.3335 |  2.811310e+02 |   -0.07% |  3.57e-09 |      
      220 |   0.3304 |  2.811580e+02 |   +0.01% |  5.27e-09 |      
      230 |   0.3268 |  2.810415e+02 |   -0.04% |  7.76e-09 |      
      240 |   0.3223 |  2.809335e+02 |   -0.04% |  1.14e-08 |      
      250 |   0.3156 |  2.808705e+02 |   -0.02% |  1.68e-08 |      
      260 |   0.3060 |  2.805420e+02 |   -0.12% |  2.48e-08 |      
[INFO GPL-0040] Routability iteration: 1
[INFO GPL-0041] Total routing overflow: 0.0000
[INFO GPL-0042] Number of overflowed tiles: 0 (0.00%)
[INFO GPL-0043] Average top 0.5% routing congestion: 0.6145
[INFO GPL-0044] Average top 1.0% routing congestion: 0.6088
[INFO GPL-0045] Average top 2.0% routing congestion: 0.5990
[INFO GPL-0046] Average top 5.0% routing congestion: 0.5806
[INFO GPL-0047] Routability iteration weighted routing congestion: 0.6116
[INFO GPL-0050] Weighted routing congestion is lower than target routing congestion(1.0100), end routability optimization.
[INFO GPL-0090] Routability finished. Target routing congestion achieved succesfully.
Iteration | Overflow |     HPWL (um) |  HPWL(%) |   Penalty | Group
---------------------------------------------------------------
      270 |   0.2912 |  2.803120e+02 |   -0.08% |  3.65e-08 |      
      280 |   0.2727 |  2.800925e+02 |   -0.08% |  5.38e-08 |      
      290 |   0.2487 |  2.797390e+02 |   -0.13% |  7.93e-08 |      
      300 |   0.2186 |  2.805785e+02 |   +0.30% |  1.17e-07 |      
      310 |   0.1901 |  2.810560e+02 |   +0.17% |  1.72e-07 |      
      320 |   0.1574 |  2.810125e+02 |   -0.02% |  2.53e-07 |      
      330 |   0.1303 |  2.820665e+02 |   +0.38% |  3.73e-07 |      
      340 |   0.0985 |  2.824695e+02 |   +0.14% |  5.50e-07 |      
      340 |   0.0985 |  2.824695e+02 |          |  5.72e-07 |      
---------------------------------------------------------------
[INFO GPL-1001] Global placement finished at iteration 340
[INFO GPL-1017] Routability mode iteration count: 264
[INFO GPL-1005] Routability final weighted congestion: 0.6052
[INFO GPL-1002] Placed Cell Area               92.8218
[INFO GPL-1003] Available Free Area          1155.5040
[INFO GPL-1004] Minimum Feasible Density        0.0900 (cell_area / free_area)
[INFO GPL-1006]   Suggested Target Densities:
[INFO GPL-1007]     - For 90% usage of free space: 0.0893
[INFO GPL-1008]     - For 80% usage of free space: 0.1004
[INFO GPL-1009]     - For 50% usage of free space: 0.1607
[INFO GPL-1011] Original area (um^2): 92.82
[INFO GPL-1012] Total routability artificial inflation: 0.00 (+0.00%)
[INFO GPL-1014] Final placement area: 92.82 (+0.00%)
Iteration |   Area    | Resized | Buffers | Nets repaired | Remaining
---------------------------------------------------------------------
        0 |     +0.0% |       0 |       0 |             0 |        35
    final |     +0.0% |       0 |       0 |             0 |         0
---------------------------------------------------------------------
[INFO DPL-0006] Core area: 1168.27 um^2
[INFO DPL-0007] Movable instances area: 63.57 um^2
[INFO DPL-0008] Fixed instances area within core: 12.77 um^2
[INFO DPL-0009] Utilization: 6.5%
[INFO DPL-0005] Diamond search max displacement: +/- 500 sites horizontally, +/- 100 rows vertically.
[INFO DPL-1102] Legalizing using negotiation legalizer.
[INFO DPL-1103] Negotiation base search window: +/-20 sites horizontally, +/-5 rows vertically 
	Automatic search window extension enabled.
	Search window extendable up to the max displacement cap of +/-500 sites, +/-100 rows near walls.
[INFO DPL-1104] NegotiationLegalizer DRC penalty: 5.
[INFO DPL-0392] Negotiation cell height distribution (1 unique row-count(s)):
[INFO DPL-0393]   height 1 row(s): 72 cells
          |      Total |  Illegal |  Illegal
Iteration | Violations |    Cells |    Sites
---------------------------------------------
        0 |          0 |         0 |         0
Negotiation phase 1 converged at iteration 0.
Placement Analysis
---------------------------------
total displacement         37.1 u
average displacement        0.5 u
max displacement            4.8 u
original HPWL             284.0 u
legalized HPWL            327.0 u
delta HPWL                   15 %

worst slack min -0.062
worst slack max 0.237
tns max 0.000
[INFO CTS-0050] Root buffer is BUF_X4.
[INFO CTS-0051] Sink buffer is BUF_X4.
[INFO CTS-0052] The following clock buffers will be used for CTS:
                    BUF_X4
[INFO CTS-0049] Characterization buffer is BUF_X4.
[INFO CTS-0007] Net "clk" found for clock "core_clock".
[INFO CTS-0010]  Clock net "clk" has 8 sinks.
[INFO CTS-0008] TritonCTS found 1 clock nets.
[INFO CTS-0097] Characterization used 1 buffer(s) types.
[INFO CTS-0201] 0 blockages from hard placement blockages and placed macros will be used.
[INFO CTS-0027] Generating H-Tree topology for net clk.
[INFO CTS-0028]  Total number of sinks: 8.
[INFO CTS-0059]  Register sinks will be clustered with maximum cluster diameter of 100.0 um and based on buffer max cap.
[INFO CTS-0030]  Number of static layers: 0.
[INFO CTS-0020]  Wire segment unit: 14000  dbu (7 um).
[INFO CTS-0023]  Original sink region: [(16075, 38220), (70415, 62580)].
[INFO CTS-0024]  Normalized sink region: [(1.14821, 2.73), (5.02964, 4.47)].
[INFO CTS-0025]     Width:  3.8814.
[INFO CTS-0026]     Height: 1.7400.
 Level 1
    Direction: Horizontal
    Sinks per sub-region: 4
    Sub-region size: 1.9407 X 1.7400
[INFO CTS-0034]     Segment length (rounded): 1.
[INFO CTS-0038]  Stop criterion found. Sink region hpwl is smaller than max wirelength (692.813 um) and max number of sinks is 15.
[INFO CTS-0035]  Number of sinks covered: 8.
[INFO CTS-0018]     Created 3 clock buffers.
[INFO CTS-0012]     Minimum number of buffers in the clock path: 2.
[INFO CTS-0013]     Maximum number of buffers in the clock path: 2.
[INFO CTS-0015]     Created 3 clock nets.
[INFO CTS-0016]     Fanout distribution for the current clock = 4:2..
[INFO CTS-0017]     Max level of the clock tree: 1.
[INFO CTS-0098] Clock net "clk"
[INFO CTS-0099]  Sinks 8
[INFO CTS-0100]  Leaf buffers 0
[INFO CTS-0101]  Average sink wire length 40.03 um
[INFO CTS-0102]  Path depth 2 - 2
[INFO CTS-0207]  Dummy loads inserted 0
[INFO RSZ-0058] Using max wire length 693um.
[INFO DPL-0006] Core area: 1168.27 um^2
[INFO DPL-0007] Movable instances area: 69.16 um^2
[INFO DPL-0008] Fixed instances area within core: 12.77 um^2
[INFO DPL-0009] Utilization: 7.0%
[INFO DPL-0005] Diamond search max displacement: +/- 500 sites horizontally, +/- 100 rows vertically.
[INFO DPL-1102] Legalizing using negotiation legalizer.
[INFO DPL-1103] Negotiation base search window: +/-20 sites horizontally, +/-5 rows vertically 
	Automatic search window extension enabled.
	Search window extendable up to the max displacement cap of +/-500 sites, +/-100 rows near walls.
[INFO DPL-1104] NegotiationLegalizer DRC penalty: 5.
[INFO DPL-0392] Negotiation cell height distribution (1 unique row-count(s)):
[INFO DPL-0393]   height 1 row(s): 75 cells
Placement Analysis
---------------------------------
total displacement          1.9 u
average displacement        0.0 u
max displacement            1.5 u
original HPWL             358.4 u
legalized HPWL            358.3 u
delta HPWL                    0 %

[INFO RSZ-0100] Repair move sequence: UnbufferMove SizeUpMove SwapPinsMove BufferMove SplitLoadMove 
[INFO RSZ-0098] No setup violations found
[INFO RSZ-0046] Found 8 endpoints with hold violations.
Iteration | Resized | Buffers | Cloned Gates |   Area   |   WNS   |   TNS   | Endpoint
--------------------------------------------------------------------------------------
        0 |       0 |       0 |            0 |    +0.0% |  -0.102 |  -0.809 | _41_/RN
    final |       0 |       6 |            0 |    +5.8% |   0.004 |   0.000 | _42_/RN
--------------------------------------------------------------------------------------
[INFO RSZ-0032] Inserted 6 hold buffers.
worst slack min 0.004
worst slack max 0.240
tns max 0.000
[INFO DPL-0006] Core area: 1168.27 um^2
[INFO DPL-0007] Movable instances area: 73.95 um^2
[INFO DPL-0008] Fixed instances area within core: 12.77 um^2
[INFO DPL-0009] Utilization: 7.4%
[INFO DPL-0005] Diamond search max displacement: +/- 500 sites horizontally, +/- 100 rows vertically.
[INFO DPL-1102] Legalizing using negotiation legalizer.
[INFO DPL-1103] Negotiation base search window: +/-20 sites horizontally, +/-5 rows vertically 
	Automatic search window extension enabled.
	Search window extendable up to the max displacement cap of +/-500 sites, +/-100 rows near walls.
[INFO DPL-1104] NegotiationLegalizer DRC penalty: 5.
[INFO DPL-0392] Negotiation cell height distribution (1 unique row-count(s)):
[INFO DPL-0393]   height 1 row(s): 81 cells
          |      Total |  Illegal |  Illegal
Iteration | Violations |    Cells |    Sites
---------------------------------------------
        0 |          0 |         0 |         0
Negotiation phase 1 converged at iteration 0.
Placement Analysis
---------------------------------
total displacement          3.6 u
average displacement        0.0 u
max displacement            1.1 u
original HPWL             383.2 u
legalized HPWL            382.8 u
delta HPWL                    0 %

[INFO DRT-0149] Reading tech and libs.

Units:                2000
Number of layers:     21
Number of macros:     135
Number of vias:       30
Number of viarulegen: 19

[INFO DRT-0150] Reading design.

Design:                   counter8
Die area:                 ( 0 0 ) ( 90060 89600 )
Number of track patterns: 20
Number of DEF vias:       0
Number of components:     81
Number of terminals:      11
Number of snets:          2
Number of nets:           44

[INFO DRT-0167] List of default vias:
  Layer via2
    default via: via2_5
  Layer via3
    default via: via3_2
  Layer via4
    default via: via4_0
  Layer via5
    default via: via5_0
  Layer via6
    default via: via6_0
  Layer via7
    default via: via7_0
  Layer via8
    default via: via8_0
  Layer via9
    default via: via9_0
[INFO DRT-0162] Library cell analysis.
[INFO DRT-0163] Instance analysis.
[INFO DRT-0164] Number of unique instances = 21.
[INFO DRT-0168] Init region query.
[INFO DRT-0024]   Complete active.
[INFO DRT-0024]   Complete Fr_VIA.
[INFO DRT-0024]   Complete metal1.
[INFO DRT-0024]   Complete via1.
[INFO DRT-0024]   Complete metal2.
[INFO DRT-0024]   Complete via2.
[INFO DRT-0024]   Complete metal3.
[INFO DRT-0024]   Complete via3.
[INFO DRT-0024]   Complete metal4.
[INFO DRT-0024]   Complete via4.
[INFO DRT-0024]   Complete metal5.
[INFO DRT-0024]   Complete via5.
[INFO DRT-0024]   Complete metal6.
[INFO DRT-0024]   Complete via6.
[INFO DRT-0024]   Complete metal7.
[INFO DRT-0024]   Complete via7.
[INFO DRT-0024]   Complete metal8.
[INFO DRT-0024]   Complete via8.
[INFO DRT-0024]   Complete metal9.
[INFO DRT-0024]   Complete via9.
[INFO DRT-0024]   Complete metal10.
[INFO DRT-0033] active shape region query size = 0.
[INFO DRT-0033] FR_VIA shape region query size = 0.
[INFO DRT-0033] metal1 shape region query size = 1070.
[INFO DRT-0033] via1 shape region query size = 75.
[INFO DRT-0033] metal2 shape region query size = 51.
[INFO DRT-0033] via2 shape region query size = 75.
[INFO DRT-0033] metal3 shape region query size = 60.
[INFO DRT-0033] via3 shape region query size = 75.
[INFO DRT-0033] metal4 shape region query size = 27.
[INFO DRT-0033] via4 shape region query size = 0.
[INFO DRT-0033] metal5 shape region query size = 0.
[INFO DRT-0033] via5 shape region query size = 0.
[INFO DRT-0033] metal6 shape region query size = 0.
[INFO DRT-0033] via6 shape region query size = 0.
[INFO DRT-0033] metal7 shape region query size = 0.
[INFO DRT-0033] via7 shape region query size = 0.
[INFO DRT-0033] metal8 shape region query size = 0.
[INFO DRT-0033] via8 shape region query size = 0.
[INFO DRT-0033] metal9 shape region query size = 0.
[INFO DRT-0033] via9 shape region query size = 0.
[INFO DRT-0033] metal10 shape region query size = 0.
[INFO DRT-0165] Start pin access.
[INFO DRT-0078]   Complete 100 pins.
[INFO DRT-0081]   Complete 21 unique inst patterns.
[INFO DRT-0084]   Complete 33 groups.
#scanned instances     = 81
#unique  instances     = 21
#stdCellGenAp          = 421
#stdCellValidPlanarAp  = 0
#stdCellValidViaAp     = 345
#stdCellPinNoAp        = 0
#stdCellPinCnt         = 112
#instTermValidViaApCnt = 0
#macroGenAp            = 0
#macroValidPlanarAp    = 0
#macroValidViaAp       = 0
#macroNoAp             = 0
[INFO DRT-0166] Complete pin access.
[INFO DRT-0267] cpu time = 00:00:00, elapsed time = 00:00:00, memory = 259.86 (MB), peak = 259.86 (MB)
[INFO GRT-0020] Min routing layer: metal2
[INFO GRT-0021] Max routing layer: metal10
[INFO GRT-0022] Global adjustment: 0%
[INFO GRT-0023] Grid origin: (0, 0)
[INFO GRT-0088] Layer metal1  Track-Pitch = 0.1400  line-2-Via Pitch: 0.1350
[INFO GRT-0088] Layer metal2  Track-Pitch = 0.1900  line-2-Via Pitch: 0.1400
[INFO GRT-0088] Layer metal3  Track-Pitch = 0.1400  line-2-Via Pitch: 0.1400
[INFO GRT-0088] Layer metal4  Track-Pitch = 0.2800  line-2-Via Pitch: 0.2800
[INFO GRT-0088] Layer metal5  Track-Pitch = 0.2800  line-2-Via Pitch: 0.2800
[INFO GRT-0088] Layer metal6  Track-Pitch = 0.2800  line-2-Via Pitch: 0.2800
[INFO GRT-0088] Layer metal7  Track-Pitch = 0.8000  line-2-Via Pitch: 0.8000
[INFO GRT-0088] Layer metal8  Track-Pitch = 0.8000  line-2-Via Pitch: 0.8000
[INFO GRT-0088] Layer metal9  Track-Pitch = 1.6000  line-2-Via Pitch: 1.6000
[INFO GRT-0088] Layer metal10 Track-Pitch = 1.6000  line-2-Via Pitch: 1.6000
[INFO GRT-0003] Macros: 0
[INFO GRT-0004] Blockages: 0
[INFO GRT-0019] Found 4 clock nets.
[INFO GRT-0001] Minimum degree: 2
[INFO GRT-0002] Maximum degree: 9

[INFO GRT-0053] Routing resources analysis:
          Routing      Original      Derated      Resource
Layer     Direction    Resources     Resources    Reduction (%)
---------------------------------------------------------------
metal1     Horizontal          0             0          0.00%
metal2     Vertical         3243          1529          52.85%
metal3     Horizontal       4455          2182          51.02%
metal4     Vertical         2204          1081          50.95%
metal5     Horizontal       2240          1092          51.25%
metal6     Vertical         2254          1106          50.93%
metal7     Horizontal        770           336          56.36%
metal8     Vertical          770           336          56.36%
metal9     Horizontal        378           210          44.44%
metal10    Vertical          378           210          44.44%
---------------------------------------------------------------

[INFO GRT-0101] Running extra iterations to remove congestion.
[INFO GRT-0102] Start extra iteration 1/100
[INFO GRT-0102] Start extra iteration 2/100
[INFO GRT-0102] Start extra iteration 3/100
[INFO GRT-0102] Start extra iteration 4/100
[INFO GRT-0102] Start extra iteration 5/100
[INFO GRT-0102] Start extra iteration 6/100
[INFO GRT-0102] Start extra iteration 7/100
[INFO GRT-0102] Start extra iteration 8/100
[INFO GRT-0102] Start extra iteration 9/100
[INFO GRT-0102] Start extra iteration 10/100
[INFO GRT-0102] Start extra iteration 11/100
[INFO GRT-0102] Start extra iteration 12/100
[INFO GRT-0102] Start extra iteration 13/100
[INFO GRT-0102] Start extra iteration 14/100
[INFO GRT-0102] Start extra iteration 15/100
[WARNING GRT-0273] Disabled NDR (to reduce congestion) for net: clk
[INFO GRT-0102] Start extra iteration 1/100
[INFO GRT-0102] Start extra iteration 2/100
[INFO GRT-0102] Start extra iteration 3/100
[INFO GRT-0102] Start extra iteration 4/100
[INFO GRT-0102] Start extra iteration 5/100
[INFO GRT-0197] Via related to pin nodes: 202
[INFO GRT-0198] Via related Steiner nodes: 2
[INFO GRT-0199] Via filling finished.
[INFO GRT-0111] Final number of vias: 284
[INFO GRT-0112] Final usage 3D: 1086

[INFO GRT-0096] Final congestion report:
Layer         Resource        Demand        Usage (%)    Max H / Max V / Total Congestion
---------------------------------------------------------------------------------------
metal1               0             0            0.00%             0 /  0 /  0
metal2            1529           135            8.83%             0 /  0 /  0
metal3            2182            75            3.44%             0 /  0 /  0
metal4            1081             2            0.19%             0 /  0 /  0
metal5            1092            12            1.10%             0 /  0 /  0
metal6            1106             3            0.27%             0 /  0 /  0
metal7             336             7            2.08%             0 /  0 /  0
metal8             336             0            0.00%             0 /  0 /  0
metal9             210             0            0.00%             0 /  0 /  0
metal10            210             0            0.00%             0 /  0 /  0
---------------------------------------------------------------------------------------
Total             8082           234            2.90%             0 /  0 /  0

[INFO GRT-0018] Total wirelength: 997 um
[INFO GRT-0014] Routed nets: 37
[WARNING GRT-0246] No diode with LEF class CORE ANTENNACELL found.
[INFO ANT-0002] Found 0 net violations.
[INFO ANT-0001] Found 0 pin violations.
[INFO DRT-0178] Init guide query.
[INFO DRT-0036] active guide region query size = 0.
[INFO DRT-0036] FR_VIA guide region query size = 0.
[INFO DRT-0036] metal1 guide region query size = 93.
[INFO DRT-0036] via1 guide region query size = 0.
[INFO DRT-0036] metal2 guide region query size = 93.
[INFO DRT-0036] via2 guide region query size = 0.
[INFO DRT-0036] metal3 guide region query size = 61.
[INFO DRT-0036] via3 guide region query size = 0.
[INFO DRT-0036] metal4 guide region query size = 6.
[INFO DRT-0036] via4 guide region query size = 0.
[INFO DRT-0036] metal5 guide region query size = 5.
[INFO DRT-0036] via5 guide region query size = 0.
[INFO DRT-0036] metal6 guide region query size = 3.
[INFO DRT-0036] via6 guide region query size = 0.
[INFO DRT-0036] metal7 guide region query size = 1.
[INFO DRT-0036] via7 guide region query size = 0.
[INFO DRT-0036] metal8 guide region query size = 0.
[INFO DRT-0036] via8 guide region query size = 0.
[INFO DRT-0036] metal9 guide region query size = 0.
[INFO DRT-0036] via9 guide region query size = 0.
[INFO DRT-0036] metal10 guide region query size = 0.
[INFO DRT-0179] Init gr pin query.
[INFO ANT-0002] Found 0 net violations.
[INFO ANT-0001] Found 0 pin violations.
[INFO ANT-0002] Found 0 net violations.
[INFO ANT-0001] Found 0 pin violations.
[INFO DPL-0001] Placed 247 filler instances.
[INFO RCX-0431] Defined process_corner X with ext_model_index 0
[INFO RCX-0029] Defined extraction corner X
[WARNING RCX-0514] The ext_model_file option is deprecated. Use set_extraction_rules_file command instead.
[INFO RCX-0435] Reading extraction model file Nangate45/Nangate45.rcx_rules ...
[INFO RCX-0436] RC segment generation counter8 (max_merge_res 50.0) ...
[INFO RCX-0040] Final 135 rc segments
[INFO RCX-0439] Coupling Cap extraction counter8 ...
[INFO RCX-0440] Coupling threshhold is 0.1000 fF, coupling capacitance less than 0.1000 fF will be grounded.
[INFO RCX-0442] 54% of 211 wires extracted
[INFO RCX-0442] 100% of 211 wires extracted
[INFO RCX-0045] Extract 44 nets, 172 rsegs, 172 caps, 180 ccs
[INFO RCX-0443] 44 nets finished
Startpoint: rst_n (input port clocked by core_clock)
Endpoint: _42_ (removal check against rising-edge clock core_clock)
Path Group: asynchronous
Path Type: min

     Cap     Slew    Delay     Time   Description
---------------------------------------------------------------------------
                     0.000    0.000   clock core_clock (rise edge)
                     0.000    0.000   clock network delay (propagated)
                     0.120    0.120 ^ input external delay
   1.600    0.000    0.000    0.120 ^ rst_n (in)
            0.000    0.000    0.120 ^ hold4/A (BUF_X1)
   1.175    0.006    0.017    0.137 ^ hold4/Z (BUF_X1)
            0.006    0.000    0.137 ^ hold2/A (BUF_X1)
   1.592    0.007    0.020    0.157 ^ hold2/Z (BUF_X1)
            0.007    0.000    0.157 ^ hold5/A (BUF_X1)
   1.348    0.006    0.020    0.177 ^ hold5/Z (BUF_X1)
            0.006    0.000    0.177 ^ hold1/A (BUF_X1)
   1.259    0.006    0.020    0.197 ^ hold1/Z (BUF_X1)
            0.006    0.000    0.197 ^ hold6/A (BUF_X1)
   1.337    0.006    0.020    0.217 ^ hold6/Z (BUF_X1)
            0.006    0.000    0.217 ^ hold3/A (BUF_X1)
  20.568    0.048    0.066    0.283 ^ hold3/Z (BUF_X1)
            0.048    0.000    0.283 ^ _42_/RN (DFFR_X1)
                              0.283   data arrival time

                     0.000    0.000   clock core_clock (rise edge)
                     0.000    0.000   clock source latency
   5.495    0.000    0.000    0.000 ^ clk (in)
            0.000    0.000    0.000 ^ clkbuf_0_clk/A (BUF_X4)
   7.742    0.007    0.018    0.018 ^ clkbuf_0_clk/Z (BUF_X4)
            0.007    0.000    0.018 ^ clkbuf_1_0__f_clk/A (BUF_X4)
   8.453    0.008    0.021    0.040 ^ clkbuf_1_0__f_clk/Z (BUF_X4)
            0.008    0.000    0.040 ^ _42_/CK (DFFR_X1)
                     0.000    0.040   clock reconvergence pessimism
                     0.242    0.282   library removal time
                              0.282   data required time
---------------------------------------------------------------------------
                              0.282   data required time
                             -0.283   data arrival time
---------------------------------------------------------------------------
                              0.001   slack (MET)


Startpoint: _40_ (rising edge-triggered flip-flop clocked by core_clock)
Endpoint: _40_ (rising edge-triggered flip-flop clocked by core_clock)
Path Group: core_clock
Path Type: min

     Cap     Slew    Delay     Time   Description
---------------------------------------------------------------------------
                     0.000    0.000   clock core_clock (rise edge)
                     0.000    0.000   clock source latency
   5.495    0.000    0.000    0.000 ^ clk (in)
            0.000    0.000    0.000 ^ clkbuf_0_clk/A (BUF_X4)
   7.742    0.007    0.018    0.018 ^ clkbuf_0_clk/Z (BUF_X4)
            0.007    0.000    0.018 ^ clkbuf_1_0__f_clk/A (BUF_X4)
   8.453    0.008    0.021    0.040 ^ clkbuf_1_0__f_clk/Z (BUF_X4)
            0.008    0.000    0.040 ^ _40_/CK (DFFR_X1)
   1.220    0.009    0.067    0.106 ^ _40_/QN (DFFR_X1)
            0.009    0.000    0.106 ^ _38_/B (MUX2_X1)
   1.357    0.008    0.034    0.141 ^ _38_/Z (MUX2_X1)
            0.008    0.000    0.141 ^ _40_/D (DFFR_X1)
                              0.141   data arrival time

                     0.000    0.000   clock core_clock (rise edge)
                     0.000    0.000   clock source latency
   5.495    0.000    0.000    0.000 ^ clk (in)
            0.000    0.000    0.000 ^ clkbuf_0_clk/A (BUF_X4)
   7.742    0.007    0.018    0.018 ^ clkbuf_0_clk/Z (BUF_X4)
            0.007    0.000    0.018 ^ clkbuf_1_0__f_clk/A (BUF_X4)
   8.453    0.008    0.021    0.040 ^ clkbuf_1_0__f_clk/Z (BUF_X4)
            0.008    0.000    0.040 ^ _40_/CK (DFFR_X1)
                     0.000    0.040   clock reconvergence pessimism
                     0.007    0.047   library hold time
                              0.047   data required time
---------------------------------------------------------------------------
                              0.047   data required time
                             -0.141   data arrival time
---------------------------------------------------------------------------
                              0.094   slack (MET)


Startpoint: rst_n (input port clocked by core_clock)
Endpoint: _44_ (recovery check against rising-edge clock core_clock)
Path Group: asynchronous
Path Type: max

     Cap     Slew    Delay     Time   Description
---------------------------------------------------------------------------
                     0.000    0.000   clock core_clock (rise edge)
                     0.000    0.000   clock network delay (propagated)
                     0.120    0.120 ^ input external delay
   1.600    0.000    0.000    0.120 ^ rst_n (in)
            0.000    0.000    0.120 ^ hold4/A (BUF_X1)
   1.175    0.006    0.017    0.137 ^ hold4/Z (BUF_X1)
            0.006    0.000    0.137 ^ hold2/A (BUF_X1)
   1.592    0.007    0.020    0.157 ^ hold2/Z (BUF_X1)
            0.007    0.000    0.157 ^ hold5/A (BUF_X1)
   1.348    0.006    0.020    0.177 ^ hold5/Z (BUF_X1)
            0.006    0.000    0.177 ^ hold1/A (BUF_X1)
   1.259    0.006    0.020    0.197 ^ hold1/Z (BUF_X1)
            0.006    0.000    0.197 ^ hold6/A (BUF_X1)
   1.337    0.006    0.020    0.217 ^ hold6/Z (BUF_X1)
            0.006    0.000    0.217 ^ hold3/A (BUF_X1)
  20.568    0.048    0.066    0.283 ^ hold3/Z (BUF_X1)
            0.048    0.003    0.285 ^ _44_/RN (DFFR_X1)
                              0.285   data arrival time

                     0.600    0.600   clock core_clock (rise edge)
                     0.000    0.600   clock source latency
   5.495    0.000    0.000    0.600 ^ clk (in)
            0.000    0.000    0.600 ^ clkbuf_0_clk/A (BUF_X4)
   7.742    0.007    0.018    0.618 ^ clkbuf_0_clk/Z (BUF_X4)
            0.007    0.000    0.618 ^ clkbuf_1_1__f_clk/A (BUF_X4)
   5.666    0.006    0.019    0.638 ^ clkbuf_1_1__f_clk/Z (BUF_X4)
            0.006    0.000    0.638 ^ _44_/CK (DFFR_X1)
                     0.000    0.638   clock reconvergence pessimism
                     0.052    0.690   library recovery time
                              0.690   data required time
---------------------------------------------------------------------------
                              0.690   data required time
                             -0.285   data arrival time
---------------------------------------------------------------------------
                              0.405   slack (MET)


Startpoint: _41_ (rising edge-triggered flip-flop clocked by core_clock)
Endpoint: _47_ (rising edge-triggered flip-flop clocked by core_clock)
Path Group: core_clock
Path Type: max

     Cap     Slew    Delay     Time   Description
---------------------------------------------------------------------------
                     0.000    0.000   clock core_clock (rise edge)
                     0.000    0.000   clock source latency
   5.495    0.000    0.000    0.000 ^ clk (in)
            0.000    0.000    0.000 ^ clkbuf_0_clk/A (BUF_X4)
   7.742    0.007    0.018    0.018 ^ clkbuf_0_clk/Z (BUF_X4)
            0.007    0.000    0.018 ^ clkbuf_1_0__f_clk/A (BUF_X4)
   8.453    0.008    0.021    0.040 ^ clkbuf_1_0__f_clk/Z (BUF_X4)
            0.008    0.000    0.040 ^ _41_/CK (DFFR_X1)
   6.550    0.019    0.114    0.154 ^ _41_/Q (DFFR_X1)
            0.019    0.000    0.154 ^ _27_/A2 (AND4_X1)
  11.712    0.032    0.086    0.240 ^ _27_/ZN (AND4_X1)
            0.032    0.002    0.242 ^ _30_/A4 (NAND4_X1)
   4.639    0.026    0.045    0.287 v _30_/ZN (NAND4_X1)
            0.026    0.000    0.287 v _31_/A2 (NOR2_X1)
   2.690    0.021    0.040    0.327 ^ _31_/ZN (NOR2_X1)
            0.021    0.000    0.327 ^ _39_/B (XOR2_X1)
   1.252    0.019    0.045    0.372 ^ _39_/Z (XOR2_X1)
            0.019    0.000    0.372 ^ _47_/D (DFFR_X1)
                              0.372   data arrival time

                     0.600    0.600   clock core_clock (rise edge)
                     0.000    0.600   clock source latency
   5.495    0.000    0.000    0.600 ^ clk (in)
            0.000    0.000    0.600 ^ clkbuf_0_clk/A (BUF_X4)
   7.742    0.007    0.018    0.618 ^ clkbuf_0_clk/Z (BUF_X4)
            0.007    0.000    0.618 ^ clkbuf_1_1__f_clk/A (BUF_X4)
   5.666    0.006    0.019    0.638 ^ clkbuf_1_1__f_clk/Z (BUF_X4)
            0.006    0.000    0.638 ^ _47_/CK (DFFR_X1)
                     0.000    0.638   clock reconvergence pessimism
                    -0.035    0.603   library setup time
                              0.603   data required time
---------------------------------------------------------------------------
                              0.603   data required time
                             -0.372   data arrival time
---------------------------------------------------------------------------
                              0.230   slack (MET)


worst slack min 0.001
worst slack max 0.230
tns max 0.000
Clock core_clock
  0.040 source latency _43_/CK ^
 -0.038 target latency _44_/CK ^
  0.000 CRPR
--------------
  0.002 setup skew

Group                  Internal  Switching    Leakage      Total
                          Power      Power      Power      Power (Watts)
----------------------------------------------------------------
Sequential             1.73e-04   4.26e-05   6.73e-07   2.16e-04  51.7%
Combinational          4.87e-05   2.30e-05   5.30e-07   7.22e-05  17.3%
Clock                  8.49e-05   4.41e-05   2.58e-07   1.29e-04  31.0%
Macro                  0.00e+00   0.00e+00   0.00e+00   0.00e+00   0.0%
Pad                    0.00e+00   0.00e+00   0.00e+00   0.00e+00   0.0%
----------------------------------------------------------------
Total                  3.06e-04   1.10e-04   1.46e-06   4.17e-04 100.0%
                          73.4%      26.3%       0.4%
Design area 87 um^2 7% utilization.
FLOW_COMPLETE
